2015-04-21T00:58:37.254+0000: 0.313: Total time for which application threads were stopped: 0.0001340 seconds
2015-04-21T00:58:37.287+0000: 0.346: Total time for which application threads were stopped: 0.0000490 seconds
2015-04-21T00:58:38.287+0000: 1.346: Total time for which application threads were stopped: 0.0001740 seconds
2015-04-21T00:58:39.287+0000: 2.346: Total time for which application threads were stopped: 0.0001220 seconds
2015-04-21T00:58:40.289+0000: 3.348: Total time for which application threads were stopped: 0.0021210 seconds
2015-04-21T00:58:40.485+0000: 3.544: Total time for which application threads were stopped: 0.0001500 seconds
2015-04-21T00:58:41.025+0000: 4.085: Total time for which application threads were stopped: 0.0006080 seconds
{Heap before GC invocations=0 (full 0):
 par new generation   total 109248K, used 87424K [0x00000000d5a00000, 0x00000000dda00000, 0x00000000dda00000)
  eden space 87424K, 100% used [0x00000000d5a00000, 0x00000000daf60000, 0x00000000daf60000)
  from space 21824K,   0% used [0x00000000daf60000, 0x00000000daf60000, 0x00000000dc4b0000)
  to   space 21824K,   0% used [0x00000000dc4b0000, 0x00000000dc4b0000, 0x00000000dda00000)
 concurrent mark-sweep generation total 393216K, used 0K [0x00000000dda00000, 0x00000000f5a00000, 0x00000000f5a00000)
 concurrent-mark-sweep perm gen total 21248K, used 18609K [0x00000000f5a00000, 0x00000000f6ec0000, 0x0000000100000000)
2015-04-21T00:58:41.727+0000: 4.786: [GC2015-04-21T00:58:41.727+0000: 4.786: [ParNew
Desired survivor size 20112992 bytes, new threshold 8 (max 8)
- age   1:   12811104 bytes,   12811104 total
: 87424K->12628K(109248K), 0.0460960 secs] 87424K->12628K(502464K), 0.0461910 secs] [Times: user=0.05 sys=0.00, real=0.04 secs] 
Heap after GC invocations=1 (full 0):
 par new generation   total 109248K, used 12628K [0x00000000d5a00000, 0x00000000dda00000, 0x00000000dda00000)
  eden space 87424K,   0% used [0x00000000d5a00000, 0x00000000d5a00000, 0x00000000daf60000)
  from space 21824K,  57% used [0x00000000dc4b0000, 0x00000000dd1051d8, 0x00000000dda00000)
  to   space 21824K,   0% used [0x00000000daf60000, 0x00000000daf60000, 0x00000000dc4b0000)
 concurrent mark-sweep generation total 393216K, used 0K [0x00000000dda00000, 0x00000000f5a00000, 0x00000000f5a00000)
 concurrent-mark-sweep perm gen total 21248K, used 18609K [0x00000000f5a00000, 0x00000000f6ec0000, 0x0000000100000000)
}
2015-04-21T00:58:41.773+0000: 4.832: Total time for which application threads were stopped: 0.0463870 seconds
2015-04-21T00:58:41.787+0000: 4.846: Total time for which application threads were stopped: 0.0000480 seconds
2015-04-21T00:58:41.791+0000: 4.850: Total time for which application threads were stopped: 0.0020440 seconds
2015-04-21T00:58:41.797+0000: 4.856: Total time for which application threads were stopped: 0.0000260 seconds
2015-04-21T00:58:41.797+0000: 4.856: Total time for which application threads were stopped: 0.0000180 seconds
2015-04-21T00:58:41.797+0000: 4.856: Total time for which application threads were stopped: 0.0000170 seconds
2015-04-21T00:58:41.797+0000: 4.856: Total time for which application threads were stopped: 0.0000160 seconds
2015-04-21T00:58:41.797+0000: 4.856: Total time for which application threads were stopped: 0.0000160 seconds
2015-04-21T00:58:41.797+0000: 4.856: Total time for which application threads were stopped: 0.0000160 seconds
2015-04-21T00:58:41.797+0000: 4.856: Total time for which application threads were stopped: 0.0000170 seconds
2015-04-21T00:58:41.797+0000: 4.856: Total time for which application threads were stopped: 0.0000160 seconds
2015-04-21T00:58:41.797+0000: 4.856: Total time for which application threads were stopped: 0.0000160 seconds
2015-04-21T00:58:41.797+0000: 4.856: Total time for which application threads were stopped: 0.0000170 seconds
2015-04-21T00:58:41.797+0000: 4.856: Total time for which application threads were stopped: 0.0000160 seconds
2015-04-21T00:58:41.797+0000: 4.856: Total time for which application threads were stopped: 0.0000160 seconds
2015-04-21T00:58:41.797+0000: 4.856: Total time for which application threads were stopped: 0.0000170 seconds
2015-04-21T00:58:41.797+0000: 4.856: Total time for which application threads were stopped: 0.0000170 seconds
2015-04-21T00:58:41.797+0000: 4.856: Total time for which application threads were stopped: 0.0000160 seconds
2015-04-21T00:58:41.797+0000: 4.856: Total time for which application threads were stopped: 0.0000160 seconds
2015-04-21T00:58:41.797+0000: 4.856: Total time for which application threads were stopped: 0.0000160 seconds
2015-04-21T00:58:41.798+0000: 4.857: Total time for which application threads were stopped: 0.0001250 seconds
2015-04-21T00:58:41.848+0000: 4.907: Total time for which application threads were stopped: 0.0000620 seconds
2015-04-21T00:58:41.848+0000: 4.907: Total time for which application threads were stopped: 0.0000240 seconds
2015-04-21T00:58:44.505+0000: 7.564: Total time for which application threads were stopped: 0.0001140 seconds
2015-04-21T00:58:44.506+0000: 7.565: Total time for which application threads were stopped: 0.0000270 seconds
2015-04-21T00:58:44.506+0000: 7.565: Total time for which application threads were stopped: 0.0000250 seconds
2015-04-21T00:58:44.519+0000: 7.578: Total time for which application threads were stopped: 0.0063480 seconds
2015-04-21T00:58:44.519+0000: 7.578: Total time for which application threads were stopped: 0.0000300 seconds
2015-04-21T00:58:44.519+0000: 7.578: Total time for which application threads were stopped: 0.0000210 seconds
2015-04-21T00:58:44.525+0000: 7.584: Total time for which application threads were stopped: 0.0000480 seconds
2015-04-21T00:58:44.543+0000: 7.602: Total time for which application threads were stopped: 0.0104820 seconds
2015-04-21T00:58:44.742+0000: 7.801: Total time for which application threads were stopped: 0.0136000 seconds
2015-04-21T00:58:44.749+0000: 7.808: Total time for which application threads were stopped: 0.0002060 seconds
2015-04-21T00:58:44.754+0000: 7.813: Total time for which application threads were stopped: 0.0000590 seconds
2015-04-21T00:58:44.918+0000: 7.977: Total time for which application threads were stopped: 0.0001070 seconds
2015-04-21T00:58:46.523+0000: 9.582: Total time for which application threads were stopped: 0.0106050 seconds
2015-04-21T00:58:46.872+0000: 9.931: Total time for which application threads were stopped: 0.0001190 seconds
2015-04-21T00:58:47.907+0000: 10.966: Total time for which application threads were stopped: 0.0344710 seconds
2015-04-21T00:58:48.373+0000: 11.432: Total time for which application threads were stopped: 0.0026240 seconds
2015-04-21T00:58:48.385+0000: 11.444: Total time for which application threads were stopped: 0.0000630 seconds
2015-04-21T00:58:48.385+0000: 11.444: Total time for which application threads were stopped: 0.0000350 seconds
2015-04-21T00:58:48.385+0000: 11.444: Total time for which application threads were stopped: 0.0000360 seconds
2015-04-21T00:58:48.386+0000: 11.445: Total time for which application threads were stopped: 0.0000340 seconds
2015-04-21T00:58:48.386+0000: 11.445: Total time for which application threads were stopped: 0.0000310 seconds
2015-04-21T00:58:48.386+0000: 11.445: Total time for which application threads were stopped: 0.0000340 seconds
2015-04-21T00:58:48.386+0000: 11.445: Total time for which application threads were stopped: 0.0000340 seconds
2015-04-21T00:58:48.386+0000: 11.445: Total time for which application threads were stopped: 0.0000310 seconds
2015-04-21T00:58:48.387+0000: 11.446: Total time for which application threads were stopped: 0.0000340 seconds
2015-04-21T00:58:48.387+0000: 11.446: Total time for which application threads were stopped: 0.0000400 seconds
2015-04-21T00:58:48.387+0000: 11.446: Total time for which application threads were stopped: 0.0000310 seconds
2015-04-21T00:58:48.391+0000: 11.450: Total time for which application threads were stopped: 0.0022170 seconds
2015-04-21T00:58:48.391+0000: 11.450: Total time for which application threads were stopped: 0.0000980 seconds
2015-04-21T00:58:48.392+0000: 11.451: Total time for which application threads were stopped: 0.0000450 seconds
2015-04-21T00:58:48.437+0000: 11.496: Total time for which application threads were stopped: 0.0001540 seconds
{Heap before GC invocations=1 (full 0):
 par new generation   total 109248K, used 100052K [0x00000000d5a00000, 0x00000000dda00000, 0x00000000dda00000)
  eden space 87424K, 100% used [0x00000000d5a00000, 0x00000000daf60000, 0x00000000daf60000)
  from space 21824K,  57% used [0x00000000dc4b0000, 0x00000000dd1051d8, 0x00000000dda00000)
  to   space 21824K,   0% used [0x00000000daf60000, 0x00000000daf60000, 0x00000000dc4b0000)
 concurrent mark-sweep generation total 393216K, used 0K [0x00000000dda00000, 0x00000000f5a00000, 0x00000000f5a00000)
 concurrent-mark-sweep perm gen total 21248K, used 20740K [0x00000000f5a00000, 0x00000000f6ec0000, 0x0000000100000000)
2015-04-21T00:58:49.121+0000: 12.180: [GC2015-04-21T00:58:49.121+0000: 12.180: [ParNew
Desired survivor size 20112992 bytes, new threshold 8 (max 8)
- age   1:    3921656 bytes,    3921656 total
- age   2:    4666832 bytes,    8588488 total
: 100052K->12800K(109248K), 0.1160340 secs] 100052K->12800K(502464K), 0.1161680 secs] [Times: user=0.04 sys=0.01, real=0.12 secs] 
Heap after GC invocations=2 (full 0):
 par new generation   total 109248K, used 12800K [0x00000000d5a00000, 0x00000000dda00000, 0x00000000dda00000)
  eden space 87424K,   0% used [0x00000000d5a00000, 0x00000000d5a00000, 0x00000000daf60000)
  from space 21824K,  58% used [0x00000000daf60000, 0x00000000dbbe0110, 0x00000000dc4b0000)
  to   space 21824K,   0% used [0x00000000dc4b0000, 0x00000000dc4b0000, 0x00000000dda00000)
 concurrent mark-sweep generation total 393216K, used 0K [0x00000000dda00000, 0x00000000f5a00000, 0x00000000f5a00000)
 concurrent-mark-sweep perm gen total 21248K, used 20740K [0x00000000f5a00000, 0x00000000f6ec0000, 0x0000000100000000)
}
2015-04-21T00:58:49.237+0000: 12.296: Total time for which application threads were stopped: 0.1423840 seconds
2015-04-21T00:58:49.242+0000: 12.301: Total time for which application threads were stopped: 0.0000690 seconds
2015-04-21T00:58:49.242+0000: 12.301: Total time for which application threads were stopped: 0.0000200 seconds
2015-04-21T00:58:49.242+0000: 12.301: Total time for which application threads were stopped: 0.0000190 seconds
2015-04-21T00:58:49.242+0000: 12.301: Total time for which application threads were stopped: 0.0000180 seconds
2015-04-21T00:58:49.250+0000: 12.309: Total time for which application threads were stopped: 0.0015420 seconds
2015-04-21T00:58:49.250+0000: 12.309: Total time for which application threads were stopped: 0.0000200 seconds
2015-04-21T00:58:49.250+0000: 12.309: Total time for which application threads were stopped: 0.0000190 seconds
2015-04-21T00:58:49.250+0000: 12.309: Total time for which application threads were stopped: 0.0000190 seconds
2015-04-21T00:58:49.250+0000: 12.309: Total time for which application threads were stopped: 0.0000180 seconds
2015-04-21T00:58:49.250+0000: 12.309: Total time for which application threads were stopped: 0.0000180 seconds
2015-04-21T00:58:49.250+0000: 12.309: Total time for which application threads were stopped: 0.0000180 seconds
2015-04-21T00:58:49.250+0000: 12.310: Total time for which application threads were stopped: 0.0000180 seconds
2015-04-21T00:58:49.251+0000: 12.310: Total time for which application threads were stopped: 0.0000180 seconds
2015-04-21T00:58:49.251+0000: 12.310: Total time for which application threads were stopped: 0.0000180 seconds
2015-04-21T00:58:49.251+0000: 12.310: Total time for which application threads were stopped: 0.0000180 seconds
2015-04-21T00:58:49.251+0000: 12.310: Total time for which application threads were stopped: 0.0000180 seconds
2015-04-21T00:58:49.251+0000: 12.310: Total time for which application threads were stopped: 0.0000180 seconds
2015-04-21T00:58:49.251+0000: 12.310: Total time for which application threads were stopped: 0.0000170 seconds
2015-04-21T00:58:49.251+0000: 12.310: Total time for which application threads were stopped: 0.0000170 seconds
2015-04-21T00:58:49.251+0000: 12.310: Total time for which application threads were stopped: 0.0001260 seconds
2015-04-21T00:58:49.252+0000: 12.311: Total time for which application threads were stopped: 0.0000380 seconds
2015-04-21T00:58:49.253+0000: 12.312: Total time for which application threads were stopped: 0.0000290 seconds
2015-04-21T00:58:49.366+0000: 12.425: Total time for which application threads were stopped: 0.0036880 seconds
2015-04-21T00:58:49.366+0000: 12.425: Total time for which application threads were stopped: 0.0000520 seconds
2015-04-21T00:58:49.366+0000: 12.425: Total time for which application threads were stopped: 0.0000440 seconds
2015-04-21T00:58:49.367+0000: 12.426: Total time for which application threads were stopped: 0.0000480 seconds
2015-04-21T00:58:49.367+0000: 12.426: Total time for which application threads were stopped: 0.0000460 seconds
2015-04-21T00:58:49.367+0000: 12.426: Total time for which application threads were stopped: 0.0000430 seconds
2015-04-21T00:58:49.367+0000: 12.426: Total time for which application threads were stopped: 0.0000460 seconds
2015-04-21T00:58:49.379+0000: 12.438: Total time for which application threads were stopped: 0.0018800 seconds
2015-04-21T00:58:49.381+0000: 12.440: Total time for which application threads were stopped: 0.0000690 seconds
2015-04-21T00:58:49.381+0000: 12.440: Total time for which application threads were stopped: 0.0000510 seconds
2015-04-21T00:58:49.405+0000: 12.464: Total time for which application threads were stopped: 0.0000580 seconds
2015-04-21T00:58:49.430+0000: 12.489: Total time for which application threads were stopped: 0.0174880 seconds
2015-04-21T00:58:50.399+0000: 13.458: Total time for which application threads were stopped: 0.0347270 seconds
2015-04-21T00:58:50.399+0000: 13.458: Total time for which application threads were stopped: 0.0000400 seconds
2015-04-21T00:58:50.399+0000: 13.458: Total time for which application threads were stopped: 0.0000320 seconds
2015-04-21T00:58:50.399+0000: 13.458: Total time for which application threads were stopped: 0.0000350 seconds
2015-04-21T00:58:50.399+0000: 13.459: Total time for which application threads were stopped: 0.0000340 seconds
2015-04-21T00:58:50.400+0000: 13.459: Total time for which application threads were stopped: 0.0000310 seconds
2015-04-21T00:58:50.400+0000: 13.459: Total time for which application threads were stopped: 0.0000340 seconds
2015-04-21T00:58:50.400+0000: 13.459: Total time for which application threads were stopped: 0.0000340 seconds
2015-04-21T00:58:50.400+0000: 13.459: Total time for which application threads were stopped: 0.0001120 seconds
2015-04-21T00:58:50.418+0000: 13.477: Total time for which application threads were stopped: 0.0000530 seconds
2015-04-21T00:58:50.419+0000: 13.478: Total time for which application threads were stopped: 0.0000460 seconds
2015-04-21T00:58:50.434+0000: 13.493: Total time for which application threads were stopped: 0.0109300 seconds
2015-04-21T00:58:50.445+0000: 13.504: Total time for which application threads were stopped: 0.0000450 seconds
2015-04-21T00:58:50.445+0000: 13.504: Total time for which application threads were stopped: 0.0000460 seconds
2015-04-21T00:58:50.473+0000: 13.532: Total time for which application threads were stopped: 0.0238010 seconds
2015-04-21T00:58:50.522+0000: 13.581: Total time for which application threads were stopped: 0.0000840 seconds
2015-04-21T00:58:50.651+0000: 13.710: Total time for which application threads were stopped: 0.0106630 seconds
2015-04-21T00:58:50.665+0000: 13.724: Total time for which application threads were stopped: 0.0107530 seconds
2015-04-21T00:58:50.701+0000: 13.760: Total time for which application threads were stopped: 0.0000580 seconds
2015-04-21T00:58:50.703+0000: 13.762: Total time for which application threads were stopped: 0.0000560 seconds
2015-04-21T00:58:50.752+0000: 13.811: Total time for which application threads were stopped: 0.0001300 seconds
2015-04-21T00:58:50.776+0000: 13.835: Total time for which application threads were stopped: 0.0001130 seconds
{Heap before GC invocations=2 (full 0):
 par new generation   total 109248K, used 100224K [0x00000000d5a00000, 0x00000000dda00000, 0x00000000dda00000)
  eden space 87424K, 100% used [0x00000000d5a00000, 0x00000000daf60000, 0x00000000daf60000)
  from space 21824K,  58% used [0x00000000daf60000, 0x00000000dbbe0110, 0x00000000dc4b0000)
  to   space 21824K,   0% used [0x00000000dc4b0000, 0x00000000dc4b0000, 0x00000000dda00000)
 concurrent mark-sweep generation total 393216K, used 0K [0x00000000dda00000, 0x00000000f5a00000, 0x00000000f5a00000)
 concurrent-mark-sweep perm gen total 21248K, used 21216K [0x00000000f5a00000, 0x00000000f6ec0000, 0x0000000100000000)
2015-04-21T00:58:51.198+0000: 14.257: [GC2015-04-21T00:58:51.198+0000: 14.257: [ParNew
Desired survivor size 20112992 bytes, new threshold 8 (max 8)
- age   1:    2069096 bytes,    2069096 total
- age   2:    1776232 bytes,    3845328 total
- age   3:    4655616 bytes,    8500944 total
: 100224K->10794K(109248K), 0.0878450 secs] 100224K->10794K(502464K), 0.0879720 secs] [Times: user=0.04 sys=0.00, real=0.09 secs] 
Heap after GC invocations=3 (full 0):
 par new generation   total 109248K, used 10794K [0x00000000d5a00000, 0x00000000dda00000, 0x00000000dda00000)
  eden space 87424K,   0% used [0x00000000d5a00000, 0x00000000d5a00000, 0x00000000daf60000)
  from space 21824K,  49% used [0x00000000dc4b0000, 0x00000000dcf3ab78, 0x00000000dda00000)
  to   space 21824K,   0% used [0x00000000daf60000, 0x00000000daf60000, 0x00000000dc4b0000)
 concurrent mark-sweep generation total 393216K, used 0K [0x00000000dda00000, 0x00000000f5a00000, 0x00000000f5a00000)
 concurrent-mark-sweep perm gen total 21248K, used 21216K [0x00000000f5a00000, 0x00000000f6ec0000, 0x0000000100000000)
}
2015-04-21T00:58:51.286+0000: 14.345: Total time for which application threads were stopped: 0.0922770 seconds
2015-04-21T00:58:51.311+0000: 14.370: Total time for which application threads were stopped: 0.0020740 seconds
2015-04-21T00:58:51.311+0000: 14.370: Total time for which application threads were stopped: 0.0000370 seconds
2015-04-21T00:58:51.411+0000: 14.470: Total time for which application threads were stopped: 0.0001820 seconds
2015-04-21T00:58:52.030+0000: 15.089: Total time for which application threads were stopped: 0.0065900 seconds
2015-04-21T00:58:52.397+0000: 15.456: Total time for which application threads were stopped: 0.0248130 seconds
2015-04-21T00:58:52.418+0000: 15.477: Total time for which application threads were stopped: 0.0041730 seconds
{Heap before GC invocations=3 (full 0):
 par new generation   total 109248K, used 98218K [0x00000000d5a00000, 0x00000000dda00000, 0x00000000dda00000)
  eden space 87424K, 100% used [0x00000000d5a00000, 0x00000000daf60000, 0x00000000daf60000)
  from space 21824K,  49% used [0x00000000dc4b0000, 0x00000000dcf3ab78, 0x00000000dda00000)
  to   space 21824K,   0% used [0x00000000daf60000, 0x00000000daf60000, 0x00000000dc4b0000)
 concurrent mark-sweep generation total 393216K, used 0K [0x00000000dda00000, 0x00000000f5a00000, 0x00000000f5a00000)
 concurrent-mark-sweep perm gen total 21632K, used 21476K [0x00000000f5a00000, 0x00000000f6f20000, 0x0000000100000000)
2015-04-21T00:58:52.446+0000: 15.505: [GC2015-04-21T00:58:52.446+0000: 15.505: [ParNew
Desired survivor size 20112992 bytes, new threshold 8 (max 8)
- age   1:     425576 bytes,     425576 total
- age   2:    1661632 bytes,    2087208 total
- age   3:    1756104 bytes,    3843312 total
- age   4:    4655032 bytes,    8498344 total
: 98218K->9212K(109248K), 0.0821510 secs] 98218K->9212K(502464K), 0.0822650 secs] [Times: user=0.04 sys=0.00, real=0.08 secs] 
Heap after GC invocations=4 (full 0):
 par new generation   total 109248K, used 9212K [0x00000000d5a00000, 0x00000000dda00000, 0x00000000dda00000)
  eden space 87424K,   0% used [0x00000000d5a00000, 0x00000000d5a00000, 0x00000000daf60000)
  from space 21824K,  42% used [0x00000000daf60000, 0x00000000db85f280, 0x00000000dc4b0000)
  to   space 21824K,   0% used [0x00000000dc4b0000, 0x00000000dc4b0000, 0x00000000dda00000)
 concurrent mark-sweep generation total 393216K, used 0K [0x00000000dda00000, 0x00000000f5a00000, 0x00000000f5a00000)
 concurrent-mark-sweep perm gen total 21632K, used 21476K [0x00000000f5a00000, 0x00000000f6f20000, 0x0000000100000000)
}
2015-04-21T00:58:52.529+0000: 15.588: Total time for which application threads were stopped: 0.0824770 seconds
2015-04-21T00:58:52.571+0000: 15.630: Total time for which application threads were stopped: 0.0184040 seconds
2015-04-21T00:58:52.676+0000: 15.735: Total time for which application threads were stopped: 0.0070230 seconds
2015-04-21T00:58:52.676+0000: 15.735: Total time for which application threads were stopped: 0.0002720 seconds
2015-04-21T00:58:52.676+0000: 15.735: Total time for which application threads were stopped: 0.0000430 seconds
2015-04-21T00:58:52.869+0000: 15.928: Total time for which application threads were stopped: 0.0483450 seconds
2015-04-21T00:58:53.872+0000: 16.931: Total time for which application threads were stopped: 0.0026560 seconds
{Heap before GC invocations=4 (full 0):
 par new generation   total 109248K, used 96636K [0x00000000d5a00000, 0x00000000dda00000, 0x00000000dda00000)
  eden space 87424K, 100% used [0x00000000d5a00000, 0x00000000daf60000, 0x00000000daf60000)
  from space 21824K,  42% used [0x00000000daf60000, 0x00000000db85f280, 0x00000000dc4b0000)
  to   space 21824K,   0% used [0x00000000dc4b0000, 0x00000000dc4b0000, 0x00000000dda00000)
 concurrent mark-sweep generation total 393216K, used 0K [0x00000000dda00000, 0x00000000f5a00000, 0x00000000f5a00000)
 concurrent-mark-sweep perm gen total 22208K, used 22139K [0x00000000f5a00000, 0x00000000f6fb0000, 0x0000000100000000)
2015-04-21T00:58:53.917+0000: 16.976: [GC2015-04-21T00:58:53.917+0000: 16.976: [ParNew
Desired survivor size 20112992 bytes, new threshold 8 (max 8)
- age   1:     822320 bytes,     822320 total
- age   2:     112960 bytes,     935280 total
- age   3:    1661360 bytes,    2596640 total
- age   4:    1755960 bytes,    4352600 total
- age   5:    4655040 bytes,    9007640 total
: 96636K->10872K(109248K), 0.0585530 secs] 96636K->10872K(502464K), 0.0587000 secs] [Times: user=0.03 sys=0.00, real=0.05 secs] 
Heap after GC invocations=5 (full 0):
 par new generation   total 109248K, used 10872K [0x00000000d5a00000, 0x00000000dda00000, 0x00000000dda00000)
  eden space 87424K,   0% used [0x00000000d5a00000, 0x00000000d5a00000, 0x00000000daf60000)
  from space 21824K,  49% used [0x00000000dc4b0000, 0x00000000dcf4e030, 0x00000000dda00000)
  to   space 21824K,   0% used [0x00000000daf60000, 0x00000000daf60000, 0x00000000dc4b0000)
 concurrent mark-sweep generation total 393216K, used 0K [0x00000000dda00000, 0x00000000f5a00000, 0x00000000f5a00000)
 concurrent-mark-sweep perm gen total 22208K, used 22139K [0x00000000f5a00000, 0x00000000f6fb0000, 0x0000000100000000)
}
2015-04-21T00:58:53.976+0000: 17.035: Total time for which application threads were stopped: 0.0589230 seconds
{Heap before GC invocations=5 (full 0):
 par new generation   total 109248K, used 98296K [0x00000000d5a00000, 0x00000000dda00000, 0x00000000dda00000)
  eden space 87424K, 100% used [0x00000000d5a00000, 0x00000000daf60000, 0x00000000daf60000)
  from space 21824K,  49% used [0x00000000dc4b0000, 0x00000000dcf4e030, 0x00000000dda00000)
  to   space 21824K,   0% used [0x00000000daf60000, 0x00000000daf60000, 0x00000000dc4b0000)
 concurrent mark-sweep generation total 393216K, used 0K [0x00000000dda00000, 0x00000000f5a00000, 0x00000000f5a00000)
 concurrent-mark-sweep perm gen total 22976K, used 22795K [0x00000000f5a00000, 0x00000000f7070000, 0x0000000100000000)
2015-04-21T00:58:55.455+0000: 18.514: [GC2015-04-21T00:58:55.455+0000: 18.514: [ParNew
Desired survivor size 20112992 bytes, new threshold 8 (max 8)
- age   1:     502216 bytes,     502216 total
- age   2:     134168 bytes,     636384 total
- age   3:     112848 bytes,     749232 total
- age   4:    1661360 bytes,    2410592 total
- age   5:    1755960 bytes,    4166552 total
- age   6:    4720504 bytes,    8887056 total
: 98296K->12614K(109248K), 0.0712900 secs] 98296K->12614K(502464K), 0.0713750 secs] [Times: user=0.03 sys=0.00, real=0.08 secs] 
Heap after GC invocations=6 (full 0):
 par new generation   total 109248K, used 12614K [0x00000000d5a00000, 0x00000000dda00000, 0x00000000dda00000)
  eden space 87424K,   0% used [0x00000000d5a00000, 0x00000000d5a00000, 0x00000000daf60000)
  from space 21824K,  57% used [0x00000000daf60000, 0x00000000dbbb1840, 0x00000000dc4b0000)
  to   space 21824K,   0% used [0x00000000dc4b0000, 0x00000000dc4b0000, 0x00000000dda00000)
 concurrent mark-sweep generation total 393216K, used 0K [0x00000000dda00000, 0x00000000f5a00000, 0x00000000f5a00000)
 concurrent-mark-sweep perm gen total 22976K, used 22795K [0x00000000f5a00000, 0x00000000f7070000, 0x0000000100000000)
}
2015-04-21T00:58:55.526+0000: 18.585: Total time for which application threads were stopped: 0.0944090 seconds
2015-04-21T00:58:55.673+0000: 18.732: Total time for which application threads were stopped: 0.0096660 seconds
2015-04-21T00:58:55.767+0000: 18.826: Total time for which application threads were stopped: 0.0202630 seconds
2015-04-21T00:58:55.869+0000: 18.928: Total time for which application threads were stopped: 0.0001070 seconds
2015-04-21T00:58:55.875+0000: 18.934: Total time for which application threads were stopped: 0.0033090 seconds
2015-04-21T00:58:55.919+0000: 18.978: Total time for which application threads were stopped: 0.0000860 seconds
2015-04-21T00:58:55.939+0000: 18.998: Total time for which application threads were stopped: 0.0135950 seconds
2015-04-21T00:58:55.989+0000: 19.048: Total time for which application threads were stopped: 0.0008550 seconds
2015-04-21T00:58:55.990+0000: 19.049: Total time for which application threads were stopped: 0.0000350 seconds
2015-04-21T00:58:56.024+0000: 19.083: Total time for which application threads were stopped: 0.0256240 seconds
2015-04-21T00:58:56.163+0000: 19.222: Total time for which application threads were stopped: 0.0000830 seconds
2015-04-21T00:58:56.234+0000: 19.293: Total time for which application threads were stopped: 0.0367440 seconds
2015-04-21T00:58:56.892+0000: 19.951: Total time for which application threads were stopped: 0.0074990 seconds
2015-04-21T00:58:57.033+0000: 20.092: Total time for which application threads were stopped: 0.0001310 seconds
2015-04-21T00:58:57.252+0000: 20.311: Total time for which application threads were stopped: 0.0033950 seconds
2015-04-21T00:58:57.285+0000: 20.344: Total time for which application threads were stopped: 0.0002120 seconds
2015-04-21T00:58:57.352+0000: 20.411: Total time for which application threads were stopped: 0.0118890 seconds
2015-04-21T00:58:57.459+0000: 20.518: Total time for which application threads were stopped: 0.0149050 seconds
2015-04-21T00:58:57.507+0000: 20.566: Total time for which application threads were stopped: 0.0001140 seconds
2015-04-21T00:58:57.568+0000: 20.627: Total time for which application threads were stopped: 0.0000880 seconds
2015-04-21T00:58:57.639+0000: 20.698: Total time for which application threads were stopped: 0.0000980 seconds
2015-04-21T00:58:57.654+0000: 20.713: Total time for which application threads were stopped: 0.0000610 seconds
2015-04-21T00:58:57.957+0000: 21.016: Total time for which application threads were stopped: 0.0001380 seconds
2015-04-21T00:58:58.647+0000: 21.706: Total time for which application threads were stopped: 0.0013190 seconds
2015-04-21T00:58:58.845+0000: 21.904: Total time for which application threads were stopped: 0.0001530 seconds
2015-04-21T00:58:58.885+0000: 21.944: Total time for which application threads were stopped: 0.0162830 seconds
2015-04-21T00:58:58.885+0000: 21.944: Total time for which application threads were stopped: 0.0000370 seconds
2015-04-21T00:58:58.886+0000: 21.945: Total time for which application threads were stopped: 0.0000550 seconds
2015-04-21T00:58:58.930+0000: 21.989: Total time for which application threads were stopped: 0.0107960 seconds
2015-04-21T00:58:58.997+0000: 22.056: Total time for which application threads were stopped: 0.0044890 seconds
2015-04-21T00:58:59.091+0000: 22.150: Total time for which application threads were stopped: 0.0298070 seconds
2015-04-21T00:58:59.210+0000: 22.269: Total time for which application threads were stopped: 0.0331930 seconds
2015-04-21T00:58:59.257+0000: 22.316: Total time for which application threads were stopped: 0.0112540 seconds
2015-04-21T00:58:59.268+0000: 22.327: Total time for which application threads were stopped: 0.0000910 seconds
2015-04-21T00:58:59.270+0000: 22.329: Total time for which application threads were stopped: 0.0000490 seconds
2015-04-21T00:58:59.414+0000: 22.473: Total time for which application threads were stopped: 0.0000700 seconds
2015-04-21T00:58:59.454+0000: 22.513: Total time for which application threads were stopped: 0.0000740 seconds
2015-04-21T00:58:59.473+0000: 22.532: Total time for which application threads were stopped: 0.0000600 seconds
2015-04-21T00:58:59.502+0000: 22.561: Total time for which application threads were stopped: 0.0000550 seconds
2015-04-21T00:58:59.502+0000: 22.561: Total time for which application threads were stopped: 0.0000450 seconds
2015-04-21T00:58:59.563+0000: 22.622: Total time for which application threads were stopped: 0.0002860 seconds
2015-04-21T00:58:59.563+0000: 22.622: Total time for which application threads were stopped: 0.0000380 seconds
2015-04-21T00:58:59.563+0000: 22.622: Total time for which application threads were stopped: 0.0000330 seconds
2015-04-21T00:58:59.563+0000: 22.622: Total time for which application threads were stopped: 0.0000310 seconds
2015-04-21T00:58:59.563+0000: 22.622: Total time for which application threads were stopped: 0.0001050 seconds
2015-04-21T00:59:00.299+0000: 23.358: Total time for which application threads were stopped: 0.0295680 seconds
2015-04-21T00:59:00.608+0000: 23.667: Total time for which application threads were stopped: 0.0000850 seconds
2015-04-21T00:59:00.765+0000: 23.824: Total time for which application threads were stopped: 0.0309840 seconds
2015-04-21T00:59:00.966+0000: 24.025: Total time for which application threads were stopped: 0.0136570 seconds
2015-04-21T00:59:00.967+0000: 24.026: Total time for which application threads were stopped: 0.0000510 seconds
2015-04-21T00:59:00.967+0000: 24.026: Total time for which application threads were stopped: 0.0000420 seconds
2015-04-21T00:59:00.967+0000: 24.026: Total time for which application threads were stopped: 0.0000420 seconds
2015-04-21T00:59:01.053+0000: 24.112: Total time for which application threads were stopped: 0.0017990 seconds
2015-04-21T00:59:01.054+0000: 24.113: Total time for which application threads were stopped: 0.0000730 seconds
2015-04-21T00:59:01.125+0000: 24.184: Total time for which application threads were stopped: 0.0000700 seconds
2015-04-21T00:59:01.245+0000: 24.304: Total time for which application threads were stopped: 0.0036120 seconds
2015-04-21T00:59:01.253+0000: 24.312: Total time for which application threads were stopped: 0.0026450 seconds
{Heap before GC invocations=6 (full 0):
 par new generation   total 109248K, used 100038K [0x00000000d5a00000, 0x00000000dda00000, 0x00000000dda00000)
  eden space 87424K, 100% used [0x00000000d5a00000, 0x00000000daf60000, 0x00000000daf60000)
  from space 21824K,  57% used [0x00000000daf60000, 0x00000000dbbb1840, 0x00000000dc4b0000)
  to   space 21824K,   0% used [0x00000000dc4b0000, 0x00000000dc4b0000, 0x00000000dda00000)
 concurrent mark-sweep generation total 393216K, used 0K [0x00000000dda00000, 0x00000000f5a00000, 0x00000000f5a00000)
 concurrent-mark-sweep perm gen total 27392K, used 27216K [0x00000000f5a00000, 0x00000000f74c0000, 0x0000000100000000)
2015-04-21T00:59:01.271+0000: 24.330: [GC2015-04-21T00:59:01.271+0000: 24.331: [ParNew
Desired survivor size 20112992 bytes, new threshold 8 (max 8)
- age   1:    5230360 bytes,    5230360 total
- age   2:     147624 bytes,    5377984 total
- age   3:     132288 bytes,    5510272 total
- age   4:     109344 bytes,    5619616 total
- age   5:     195048 bytes,    5814664 total
- age   6:    1749568 bytes,    7564232 total
- age   7:    4642904 bytes,   12207136 total
: 100038K->14665K(109248K), 0.1215210 secs] 100038K->14665K(502464K), 0.1216060 secs] [Times: user=0.05 sys=0.00, real=0.12 secs] 
Heap after GC invocations=7 (full 0):
 par new generation   total 109248K, used 14665K [0x00000000d5a00000, 0x00000000dda00000, 0x00000000dda00000)
  eden space 87424K,   0% used [0x00000000d5a00000, 0x00000000d5a00000, 0x00000000daf60000)
  from space 21824K,  67% used [0x00000000dc4b0000, 0x00000000dd3025a0, 0x00000000dda00000)
  to   space 21824K,   0% used [0x00000000daf60000, 0x00000000daf60000, 0x00000000dc4b0000)
 concurrent mark-sweep generation total 393216K, used 0K [0x00000000dda00000, 0x00000000f5a00000, 0x00000000f5a00000)
 concurrent-mark-sweep perm gen total 27392K, used 27216K [0x00000000f5a00000, 0x00000000f74c0000, 0x0000000100000000)
}
2015-04-21T00:59:01.393+0000: 24.452: Total time for which application threads were stopped: 0.1237460 seconds
2015-04-21T00:59:01.420+0000: 24.479: Total time for which application threads were stopped: 0.0115590 seconds
2015-04-21T00:59:01.443+0000: 24.502: Total time for which application threads were stopped: 0.0186590 seconds
2015-04-21T00:59:01.682+0000: 24.741: Total time for which application threads were stopped: 0.0288770 seconds
2015-04-21T00:59:01.701+0000: 24.760: Total time for which application threads were stopped: 0.0036990 seconds
2015-04-21T00:59:01.709+0000: 24.768: Total time for which application threads were stopped: 0.0000610 seconds
2015-04-21T00:59:01.764+0000: 24.823: Total time for which application threads were stopped: 0.0000870 seconds
2015-04-21T00:59:01.770+0000: 24.829: Total time for which application threads were stopped: 0.0000670 seconds
2015-04-21T00:59:01.837+0000: 24.896: Total time for which application threads were stopped: 0.0090440 seconds
2015-04-21T00:59:01.892+0000: 24.951: Total time for which application threads were stopped: 0.0073150 seconds
2015-04-21T00:59:02.000+0000: 25.059: Total time for which application threads were stopped: 0.0047640 seconds
2015-04-21T00:59:02.151+0000: 25.210: Total time for which application threads were stopped: 0.0000800 seconds
2015-04-21T00:59:03.151+0000: 26.210: Total time for which application threads were stopped: 0.0001920 seconds
2015-04-21T00:59:06.222+0000: 29.281: Total time for which application threads were stopped: 0.0018230 seconds
2015-04-21T00:59:06.234+0000: 29.293: Total time for which application threads were stopped: 0.0020950 seconds
2015-04-21T00:59:06.329+0000: 29.388: Total time for which application threads were stopped: 0.0002880 seconds
2015-04-21T00:59:06.392+0000: 29.451: Total time for which application threads were stopped: 0.0198750 seconds
2015-04-21T00:59:06.706+0000: 29.765: Total time for which application threads were stopped: 0.0000900 seconds
2015-04-21T00:59:06.785+0000: 29.844: Total time for which application threads were stopped: 0.0120830 seconds
2015-04-21T00:59:06.849+0000: 29.908: Total time for which application threads were stopped: 0.0000780 seconds
2015-04-21T00:59:07.225+0000: 30.284: Total time for which application threads were stopped: 0.0000510 seconds
2015-04-21T00:59:07.226+0000: 30.285: Total time for which application threads were stopped: 0.0000250 seconds
2015-04-21T00:59:07.236+0000: 30.295: Total time for which application threads were stopped: 0.0007110 seconds
2015-04-21T00:59:07.236+0000: 30.295: Total time for which application threads were stopped: 0.0000270 seconds
2015-04-21T00:59:07.257+0000: 30.316: Total time for which application threads were stopped: 0.0021610 seconds
2015-04-21T00:59:07.263+0000: 30.322: Total time for which application threads were stopped: 0.0000550 seconds
2015-04-21T00:59:08.258+0000: 31.317: Total time for which application threads were stopped: 0.0002020 seconds
2015-04-21T00:59:08.261+0000: 31.320: Total time for which application threads were stopped: 0.0000440 seconds
2015-04-21T00:59:11.910+0000: 34.969: Total time for which application threads were stopped: 0.0001890 seconds
2015-04-21T00:59:11.910+0000: 34.969: Total time for which application threads were stopped: 0.0000290 seconds
2015-04-21T00:59:14.264+0000: 37.323: Total time for which application threads were stopped: 0.0001340 